// Jest Snapshot v1, https://goo.gl/fbAQLP

exports[`Home Home Page 1`] = `
<div>
  <p>
    login page
  </p>
</div>
`;
